Loading rhel8/default-amp
  Loading requirement: singularity/current cuda/11.4
    libpciaccess/0.16/gcc-9.4.0-6fonbj6 libiconv/1.16/gcc-9.4.0-ahebbov
    libxml2/2.9.12/gcc-9.4.0-gnknt5e ncurses/6.2/gcc-9.4.0-aiirok7
    hwloc/2.5.0/gcc-9.4.0-7sqomga libevent/2.1.12/gcc-9.4.0-hgny7cm
    numactl/2.0.14/gcc-9.4.0-52dwc6n cuda/11.4.0/gcc-9.4.0-3hnxhjt
    gdrcopy/2.2/gcc-9.4.0-e4igtfp knem/1.1.4/gcc-9.4.0-bpbxgva
    libnl/3.3.0/gcc-9.4.0-whwhrwb rdma-core/34.0/gcc-9.4.0-5eo5n2u
    ucx/1.11.1/gcc-9.4.0-lktqyl4 openmpi/4.1.1/gcc-9.4.0-epagguv
[93mWARNING [0m:   DEPRECATED FEATURE: flwr.simulation.start_simulation() is deprecated.
	Instead, use the `flwr run` CLI command to start a local simulation in your Flower app, as shown for example below:

		$ flwr new  # Create a new Flower app from a template

		$ flwr run  # Run the Flower app in Simulation Mode

	Using `start_simulation()` is deprecated.

            This is a deprecated feature. It will be removed
            entirely in future versions of Flower.
        
[92mINFO [0m:      Starting Flower simulation, config: num_rounds=50, no round_timeout
2026-01-25 23:45:28,404	INFO worker.py:1771 -- Started a local Ray instance.
[92mINFO [0m:      Flower VCE: Ray initialized with resources: {'accelerator_type:A100': 1.0, 'node:__internal_head__': 1.0, 'node:10.43.74.10': 1.0, 'CPU': 128.0, 'memory': 867244182528.0, 'object_store_memory': 200000000000.0, 'GPU': 1.0}
[92mINFO [0m:      Optimize your simulation with Flower VCE: https://flower.ai/docs/framework/how-to-run-simulations.html
[92mINFO [0m:      Flower VCE: Resources for each Virtual Client: {'num_cpus': 1, 'num_gpus': 0.1}
[92mINFO [0m:      Flower VCE: Creating VirtualClientEngineActorPool with 10 actors
[92mINFO [0m:      [INIT]
[92mINFO [0m:      Requesting initial parameters from one random client
[91mERROR [0m:     Traceback (most recent call last):
  File "/home/bk489/.conda/envs/fed/lib/python3.9/site-packages/flwr/simulation/ray_transport/ray_client_proxy.py", line 95, in _submit_job
    out_mssg, updated_context = self.actor_pool.get_client_result(
  File "/home/bk489/.conda/envs/fed/lib/python3.9/site-packages/flwr/simulation/ray_transport/ray_actor.py", line 401, in get_client_result
    return self._fetch_future_result(cid)
  File "/home/bk489/.conda/envs/fed/lib/python3.9/site-packages/flwr/simulation/ray_transport/ray_actor.py", line 282, in _fetch_future_result
    res_cid, out_mssg, updated_context = ray.get(
  File "/home/bk489/.conda/envs/fed/lib/python3.9/site-packages/ray/_private/auto_init_hook.py", line 21, in auto_init_wrapper
    return fn(*args, **kwargs)
  File "/home/bk489/.conda/envs/fed/lib/python3.9/site-packages/ray/_private/client_mode_hook.py", line 103, in wrapper
    return func(*args, **kwargs)
  File "/home/bk489/.conda/envs/fed/lib/python3.9/site-packages/ray/_private/worker.py", line 2639, in get
    values, debugger_breakpoint = worker.get_objects(object_refs, timeout=timeout)
  File "/home/bk489/.conda/envs/fed/lib/python3.9/site-packages/ray/_private/worker.py", line 864, in get_objects
    raise value.as_instanceof_cause()
ray.exceptions.RayTaskError(ClientAppException): [36mray::ClientAppActor.run()[39m (pid=750410, ip=10.43.74.10, actor_id=12ed1cc67369ec3001692bd801000000, repr=<flwr.simulation.ray_transport.ray_actor.ClientAppActor object at 0x14c7a0d45d30>)
  File "/home/bk489/.conda/envs/fed/lib/python3.9/site-packages/flwr/clientapp/client_app.py", line 144, in __call__
    return self._call(message, context)
  File "/home/bk489/.conda/envs/fed/lib/python3.9/site-packages/flwr/clientapp/client_app.py", line 128, in ffn
    out_message = handle_legacy_message_from_msgtype(
  File "/home/bk489/.conda/envs/fed/lib/python3.9/site-packages/flwr/client/message_handler/message_handler.py", line 96, in handle_legacy_message_from_msgtype
    client = client_fn(context)
  File "/home/bk489/federated/federated-thesis/federated_unet/unet/unet_flower_train_10clients.py", line 731, in client_fn_context
    return client_fn_legacy(cid)
  File "/home/bk489/federated/federated-thesis/federated_unet/unet/unet_flower_train_10clients.py", line 708, in client_fn_legacy
    client = UNetClient(
  File "/home/bk489/federated/federated-thesis/federated_unet/unet/unet_flower_train_10clients.py", line 413, in __init__
    self.train_ds = BratsNPZDataset(train_dir, augment=True, keep_channels=keep_channels)
  File "/home/bk489/federated/federated-thesis/federated_unet/unet/unet_flower_train_10clients.py", line 126, in __init__
    raise RuntimeError(f"No .npz files found under: {split_dir}")
RuntimeError: No .npz files found under: /home/bk489/federated/federated-thesis/data/partitions/federated_clients_10_mixed/client_data/client_7_mixed_3mods_noCE/train

The above exception was the direct cause of the following exception:

[36mray::ClientAppActor.run()[39m (pid=750410, ip=10.43.74.10, actor_id=12ed1cc67369ec3001692bd801000000, repr=<flwr.simulation.ray_transport.ray_actor.ClientAppActor object at 0x14c7a0d45d30>)
  File "/home/bk489/.conda/envs/fed/lib/python3.9/site-packages/flwr/simulation/ray_transport/ray_actor.py", line 64, in run
    raise ClientAppException(str(ex)) from ex
flwr.clientapp.client_app.ClientAppException: 
Exception ClientAppException occurred. Message: No .npz files found under: /home/bk489/federated/federated-thesis/data/partitions/federated_clients_10_mixed/client_data/client_7_mixed_3mods_noCE/train

[91mERROR [0m:     [36mray::ClientAppActor.run()[39m (pid=750410, ip=10.43.74.10, actor_id=12ed1cc67369ec3001692bd801000000, repr=<flwr.simulation.ray_transport.ray_actor.ClientAppActor object at 0x14c7a0d45d30>)
  File "/home/bk489/.conda/envs/fed/lib/python3.9/site-packages/flwr/clientapp/client_app.py", line 144, in __call__
    return self._call(message, context)
  File "/home/bk489/.conda/envs/fed/lib/python3.9/site-packages/flwr/clientapp/client_app.py", line 128, in ffn
    out_message = handle_legacy_message_from_msgtype(
  File "/home/bk489/.conda/envs/fed/lib/python3.9/site-packages/flwr/client/message_handler/message_handler.py", line 96, in handle_legacy_message_from_msgtype
    client = client_fn(context)
  File "/home/bk489/federated/federated-thesis/federated_unet/unet/unet_flower_train_10clients.py", line 731, in client_fn_context
    return client_fn_legacy(cid)
  File "/home/bk489/federated/federated-thesis/federated_unet/unet/unet_flower_train_10clients.py", line 708, in client_fn_legacy
    client = UNetClient(
  File "/home/bk489/federated/federated-thesis/federated_unet/unet/unet_flower_train_10clients.py", line 413, in __init__
    self.train_ds = BratsNPZDataset(train_dir, augment=True, keep_channels=keep_channels)
  File "/home/bk489/federated/federated-thesis/federated_unet/unet/unet_flower_train_10clients.py", line 126, in __init__
    raise RuntimeError(f"No .npz files found under: {split_dir}")
RuntimeError: No .npz files found under: /home/bk489/federated/federated-thesis/data/partitions/federated_clients_10_mixed/client_data/client_7_mixed_3mods_noCE/train

The above exception was the direct cause of the following exception:

[36mray::ClientAppActor.run()[39m (pid=750410, ip=10.43.74.10, actor_id=12ed1cc67369ec3001692bd801000000, repr=<flwr.simulation.ray_transport.ray_actor.ClientAppActor object at 0x14c7a0d45d30>)
  File "/home/bk489/.conda/envs/fed/lib/python3.9/site-packages/flwr/simulation/ray_transport/ray_actor.py", line 64, in run
    raise ClientAppException(str(ex)) from ex
flwr.clientapp.client_app.ClientAppException: 
Exception ClientAppException occurred. Message: No .npz files found under: /home/bk489/federated/federated-thesis/data/partitions/federated_clients_10_mixed/client_data/client_7_mixed_3mods_noCE/train
[91mERROR [0m:     [36mray::ClientAppActor.run()[39m (pid=750410, ip=10.43.74.10, actor_id=12ed1cc67369ec3001692bd801000000, repr=<flwr.simulation.ray_transport.ray_actor.ClientAppActor object at 0x14c7a0d45d30>)
  File "/home/bk489/.conda/envs/fed/lib/python3.9/site-packages/flwr/clientapp/client_app.py", line 144, in __call__
    return self._call(message, context)
  File "/home/bk489/.conda/envs/fed/lib/python3.9/site-packages/flwr/clientapp/client_app.py", line 128, in ffn
    out_message = handle_legacy_message_from_msgtype(
  File "/home/bk489/.conda/envs/fed/lib/python3.9/site-packages/flwr/client/message_handler/message_handler.py", line 96, in handle_legacy_message_from_msgtype
    client = client_fn(context)
  File "/home/bk489/federated/federated-thesis/federated_unet/unet/unet_flower_train_10clients.py", line 731, in client_fn_context
    return client_fn_legacy(cid)
  File "/home/bk489/federated/federated-thesis/federated_unet/unet/unet_flower_train_10clients.py", line 708, in client_fn_legacy
    client = UNetClient(
  File "/home/bk489/federated/federated-thesis/federated_unet/unet/unet_flower_train_10clients.py", line 413, in __init__
    self.train_ds = BratsNPZDataset(train_dir, augment=True, keep_channels=keep_channels)
  File "/home/bk489/federated/federated-thesis/federated_unet/unet/unet_flower_train_10clients.py", line 126, in __init__
    raise RuntimeError(f"No .npz files found under: {split_dir}")
RuntimeError: No .npz files found under: /home/bk489/federated/federated-thesis/data/partitions/federated_clients_10_mixed/client_data/client_7_mixed_3mods_noCE/train

The above exception was the direct cause of the following exception:

[36mray::ClientAppActor.run()[39m (pid=750410, ip=10.43.74.10, actor_id=12ed1cc67369ec3001692bd801000000, repr=<flwr.simulation.ray_transport.ray_actor.ClientAppActor object at 0x14c7a0d45d30>)
  File "/home/bk489/.conda/envs/fed/lib/python3.9/site-packages/flwr/simulation/ray_transport/ray_actor.py", line 64, in run
    raise ClientAppException(str(ex)) from ex
flwr.clientapp.client_app.ClientAppException: 
Exception ClientAppException occurred. Message: No .npz files found under: /home/bk489/federated/federated-thesis/data/partitions/federated_clients_10_mixed/client_data/client_7_mixed_3mods_noCE/train
[91mERROR [0m:     Traceback (most recent call last):
  File "/home/bk489/.conda/envs/fed/lib/python3.9/site-packages/flwr/simulation/legacy_app.py", line 361, in start_simulation
    hist = run_fl(
  File "/home/bk489/.conda/envs/fed/lib/python3.9/site-packages/flwr/server/server.py", line 492, in run_fl
    hist, elapsed_time = server.fit(
  File "/home/bk489/.conda/envs/fed/lib/python3.9/site-packages/flwr/server/server.py", line 93, in fit
    self.parameters = self._get_initial_parameters(server_round=0, timeout=timeout)
  File "/home/bk489/.conda/envs/fed/lib/python3.9/site-packages/flwr/server/server.py", line 284, in _get_initial_parameters
    get_parameters_res = random_client.get_parameters(
  File "/home/bk489/.conda/envs/fed/lib/python3.9/site-packages/flwr/simulation/ray_transport/ray_client_proxy.py", line 170, in get_parameters
    message_out = self._submit_job(message, timeout)
  File "/home/bk489/.conda/envs/fed/lib/python3.9/site-packages/flwr/simulation/ray_transport/ray_client_proxy.py", line 109, in _submit_job
    raise ex
  File "/home/bk489/.conda/envs/fed/lib/python3.9/site-packages/flwr/simulation/ray_transport/ray_client_proxy.py", line 95, in _submit_job
    out_mssg, updated_context = self.actor_pool.get_client_result(
  File "/home/bk489/.conda/envs/fed/lib/python3.9/site-packages/flwr/simulation/ray_transport/ray_actor.py", line 401, in get_client_result
    return self._fetch_future_result(cid)
  File "/home/bk489/.conda/envs/fed/lib/python3.9/site-packages/flwr/simulation/ray_transport/ray_actor.py", line 282, in _fetch_future_result
    res_cid, out_mssg, updated_context = ray.get(
  File "/home/bk489/.conda/envs/fed/lib/python3.9/site-packages/ray/_private/auto_init_hook.py", line 21, in auto_init_wrapper
    return fn(*args, **kwargs)
  File "/home/bk489/.conda/envs/fed/lib/python3.9/site-packages/ray/_private/client_mode_hook.py", line 103, in wrapper
    return func(*args, **kwargs)
  File "/home/bk489/.conda/envs/fed/lib/python3.9/site-packages/ray/_private/worker.py", line 2639, in get
    values, debugger_breakpoint = worker.get_objects(object_refs, timeout=timeout)
  File "/home/bk489/.conda/envs/fed/lib/python3.9/site-packages/ray/_private/worker.py", line 864, in get_objects
    raise value.as_instanceof_cause()
ray.exceptions.RayTaskError(ClientAppException): [36mray::ClientAppActor.run()[39m (pid=750410, ip=10.43.74.10, actor_id=12ed1cc67369ec3001692bd801000000, repr=<flwr.simulation.ray_transport.ray_actor.ClientAppActor object at 0x14c7a0d45d30>)
  File "/home/bk489/.conda/envs/fed/lib/python3.9/site-packages/flwr/clientapp/client_app.py", line 144, in __call__
    return self._call(message, context)
  File "/home/bk489/.conda/envs/fed/lib/python3.9/site-packages/flwr/clientapp/client_app.py", line 128, in ffn
    out_message = handle_legacy_message_from_msgtype(
  File "/home/bk489/.conda/envs/fed/lib/python3.9/site-packages/flwr/client/message_handler/message_handler.py", line 96, in handle_legacy_message_from_msgtype
    client = client_fn(context)
  File "/home/bk489/federated/federated-thesis/federated_unet/unet/unet_flower_train_10clients.py", line 731, in client_fn_context
    return client_fn_legacy(cid)
  File "/home/bk489/federated/federated-thesis/federated_unet/unet/unet_flower_train_10clients.py", line 708, in client_fn_legacy
    client = UNetClient(
  File "/home/bk489/federated/federated-thesis/federated_unet/unet/unet_flower_train_10clients.py", line 413, in __init__
    self.train_ds = BratsNPZDataset(train_dir, augment=True, keep_channels=keep_channels)
  File "/home/bk489/federated/federated-thesis/federated_unet/unet/unet_flower_train_10clients.py", line 126, in __init__
    raise RuntimeError(f"No .npz files found under: {split_dir}")
RuntimeError: No .npz files found under: /home/bk489/federated/federated-thesis/data/partitions/federated_clients_10_mixed/client_data/client_7_mixed_3mods_noCE/train

The above exception was the direct cause of the following exception:

[36mray::ClientAppActor.run()[39m (pid=750410, ip=10.43.74.10, actor_id=12ed1cc67369ec3001692bd801000000, repr=<flwr.simulation.ray_transport.ray_actor.ClientAppActor object at 0x14c7a0d45d30>)
  File "/home/bk489/.conda/envs/fed/lib/python3.9/site-packages/flwr/simulation/ray_transport/ray_actor.py", line 64, in run
    raise ClientAppException(str(ex)) from ex
flwr.clientapp.client_app.ClientAppException: 
Exception ClientAppException occurred. Message: No .npz files found under: /home/bk489/federated/federated-thesis/data/partitions/federated_clients_10_mixed/client_data/client_7_mixed_3mods_noCE/train

[91mERROR [0m:     Your simulation crashed :(. This could be because of several reasons. The most common are: 
	 > Sometimes, issues in the simulation code itself can cause crashes. It's always a good idea to double-check your code for any potential bugs or inconsistencies that might be contributing to the problem. For example: 
		 - You might be using a class attribute in your clients that hasn't been defined.
		 - There could be an incorrect method call to a 3rd party library (e.g., PyTorch).
		 - The return types of methods in your clients/strategies might be incorrect.
	 > Your system couldn't fit a single VirtualClient: try lowering `client_resources`.
	 > All the actors in your pool crashed. This could be because: 
		 - You clients hit an out-of-memory (OOM) error and actors couldn't recover from it. Try launching your simulation with more generous `client_resources` setting (i.e. it seems {'num_cpus': 1, 'num_gpus': 0.1} is not enough for your run). Use fewer concurrent actors. 
		 - You were running a multi-node simulation and all worker nodes disconnected. The head node might still be alive but cannot accommodate any actor with resources: {'num_cpus': 1, 'num_gpus': 0.1}.
Take a look at the Flower simulation examples for guidance <https://flower.ai/docs/framework/how-to-run-simulations.html>.
Traceback (most recent call last):
  File "/home/bk489/.conda/envs/fed/lib/python3.9/site-packages/flwr/simulation/legacy_app.py", line 361, in start_simulation
    hist = run_fl(
  File "/home/bk489/.conda/envs/fed/lib/python3.9/site-packages/flwr/server/server.py", line 492, in run_fl
    hist, elapsed_time = server.fit(
  File "/home/bk489/.conda/envs/fed/lib/python3.9/site-packages/flwr/server/server.py", line 93, in fit
    self.parameters = self._get_initial_parameters(server_round=0, timeout=timeout)
  File "/home/bk489/.conda/envs/fed/lib/python3.9/site-packages/flwr/server/server.py", line 284, in _get_initial_parameters
    get_parameters_res = random_client.get_parameters(
  File "/home/bk489/.conda/envs/fed/lib/python3.9/site-packages/flwr/simulation/ray_transport/ray_client_proxy.py", line 170, in get_parameters
    message_out = self._submit_job(message, timeout)
  File "/home/bk489/.conda/envs/fed/lib/python3.9/site-packages/flwr/simulation/ray_transport/ray_client_proxy.py", line 109, in _submit_job
    raise ex
  File "/home/bk489/.conda/envs/fed/lib/python3.9/site-packages/flwr/simulation/ray_transport/ray_client_proxy.py", line 95, in _submit_job
    out_mssg, updated_context = self.actor_pool.get_client_result(
  File "/home/bk489/.conda/envs/fed/lib/python3.9/site-packages/flwr/simulation/ray_transport/ray_actor.py", line 401, in get_client_result
    return self._fetch_future_result(cid)
  File "/home/bk489/.conda/envs/fed/lib/python3.9/site-packages/flwr/simulation/ray_transport/ray_actor.py", line 282, in _fetch_future_result
    res_cid, out_mssg, updated_context = ray.get(
  File "/home/bk489/.conda/envs/fed/lib/python3.9/site-packages/ray/_private/auto_init_hook.py", line 21, in auto_init_wrapper
    return fn(*args, **kwargs)
  File "/home/bk489/.conda/envs/fed/lib/python3.9/site-packages/ray/_private/client_mode_hook.py", line 103, in wrapper
    return func(*args, **kwargs)
  File "/home/bk489/.conda/envs/fed/lib/python3.9/site-packages/ray/_private/worker.py", line 2639, in get
    values, debugger_breakpoint = worker.get_objects(object_refs, timeout=timeout)
  File "/home/bk489/.conda/envs/fed/lib/python3.9/site-packages/ray/_private/worker.py", line 864, in get_objects
    raise value.as_instanceof_cause()
ray.exceptions.RayTaskError(ClientAppException): [36mray::ClientAppActor.run()[39m (pid=750410, ip=10.43.74.10, actor_id=12ed1cc67369ec3001692bd801000000, repr=<flwr.simulation.ray_transport.ray_actor.ClientAppActor object at 0x14c7a0d45d30>)
  File "/home/bk489/.conda/envs/fed/lib/python3.9/site-packages/flwr/clientapp/client_app.py", line 144, in __call__
    return self._call(message, context)
  File "/home/bk489/.conda/envs/fed/lib/python3.9/site-packages/flwr/clientapp/client_app.py", line 128, in ffn
    out_message = handle_legacy_message_from_msgtype(
  File "/home/bk489/.conda/envs/fed/lib/python3.9/site-packages/flwr/client/message_handler/message_handler.py", line 96, in handle_legacy_message_from_msgtype
    client = client_fn(context)
  File "/home/bk489/federated/federated-thesis/federated_unet/unet/unet_flower_train_10clients.py", line 731, in client_fn_context
    return client_fn_legacy(cid)
  File "/home/bk489/federated/federated-thesis/federated_unet/unet/unet_flower_train_10clients.py", line 708, in client_fn_legacy
    client = UNetClient(
  File "/home/bk489/federated/federated-thesis/federated_unet/unet/unet_flower_train_10clients.py", line 413, in __init__
    self.train_ds = BratsNPZDataset(train_dir, augment=True, keep_channels=keep_channels)
  File "/home/bk489/federated/federated-thesis/federated_unet/unet/unet_flower_train_10clients.py", line 126, in __init__
    raise RuntimeError(f"No .npz files found under: {split_dir}")
RuntimeError: No .npz files found under: /home/bk489/federated/federated-thesis/data/partitions/federated_clients_10_mixed/client_data/client_7_mixed_3mods_noCE/train

The above exception was the direct cause of the following exception:

[36mray::ClientAppActor.run()[39m (pid=750410, ip=10.43.74.10, actor_id=12ed1cc67369ec3001692bd801000000, repr=<flwr.simulation.ray_transport.ray_actor.ClientAppActor object at 0x14c7a0d45d30>)
  File "/home/bk489/.conda/envs/fed/lib/python3.9/site-packages/flwr/simulation/ray_transport/ray_actor.py", line 64, in run
    raise ClientAppException(str(ex)) from ex
flwr.clientapp.client_app.ClientAppException: 
Exception ClientAppException occurred. Message: No .npz files found under: /home/bk489/federated/federated-thesis/data/partitions/federated_clients_10_mixed/client_data/client_7_mixed_3mods_noCE/train

The above exception was the direct cause of the following exception:

Traceback (most recent call last):
  File "/home/bk489/federated/federated-thesis/federated_unet/unet/unet_flower_train_10clients.py", line 830, in <module>
    main()
  File "/home/bk489/federated/federated-thesis/federated_unet/unet/unet_flower_train_10clients.py", line 754, in main
    history = fl.simulation.start_simulation(
  File "/home/bk489/.conda/envs/fed/lib/python3.9/site-packages/flwr/simulation/legacy_app.py", line 397, in start_simulation
    raise RuntimeError("Simulation crashed.") from ex
RuntimeError: Simulation crashed.
