==============================================
BraTS 2D U-Net (Flower Federated)
Job ID: 21238120
Node(s): gpu-q-10
Workdir: /home/bk489/federated/federated-thesis
Script:  /home/bk489/federated/federated-thesis/federated_unet/unet/unet_flower_train_10clients.py
Config:  /home/bk489/federated/federated-thesis/federated_unet/unet/configs/unet_fedavg_10clients.yaml
Data:    /home/bk489/federated/federated-thesis/data/brats2020_top10_slices_split_npz
Parts:   /home/bk489/federated/federated-thesis/data/partitions/federated_clients_10_mixed/client_data
Python:  /home/bk489/.conda/envs/fed/bin/python
Python 3.9.16 | packaged by conda-forge | (main, Feb  1 2023, 21:39:03) 
[GCC 11.3.0]
PyTorch 2.8.0+cu128 CUDA available: True CUDA: 12.8
Device count: 1
Flower 1.23.0
Sun Jan 25 23:49:40 2026       
+-----------------------------------------------------------------------------------------+
| NVIDIA-SMI 570.195.03             Driver Version: 570.195.03     CUDA Version: 12.8     |
|-----------------------------------------+------------------------+----------------------+
| GPU  Name                 Persistence-M | Bus-Id          Disp.A | Volatile Uncorr. ECC |
| Fan  Temp   Perf          Pwr:Usage/Cap |           Memory-Usage | GPU-Util  Compute M. |
|                                         |                        |               MIG M. |
|=========================================+========================+======================|
|   0  NVIDIA A100-SXM4-80GB          On  |   00000000:C1:00.0 Off |                    0 |
| N/A   32C    P0             65W /  500W |       0MiB /  81920MiB |      0%      Default |
|                                         |                        |             Disabled |
+-----------------------------------------+------------------------+----------------------+
                                                                                         
+-----------------------------------------------------------------------------------------+
| Processes:                                                                              |
|  GPU   GI   CI              PID   Type   Process name                        GPU Memory |
|        ID   ID                                                               Usage      |
|=========================================================================================|
|  No running processes found                                                             |
+-----------------------------------------------------------------------------------------+
==============================================
Num global npz files:
3680
Example global npz files:
/home/bk489/federated/federated-thesis/data/brats2020_top10_slices_split_npz/test/BraTS20_Training_053/slice_091_rank03.npz
/home/bk489/federated/federated-thesis/data/brats2020_top10_slices_split_npz/test/BraTS20_Training_053/slice_094_rank08.npz
/home/bk489/federated/federated-thesis/data/brats2020_top10_slices_split_npz/test/BraTS20_Training_053/slice_087_rank04.npz
/home/bk489/federated/federated-thesis/data/brats2020_top10_slices_split_npz/test/BraTS20_Training_053/slice_093_rank06.npz
/home/bk489/federated/federated-thesis/data/brats2020_top10_slices_split_npz/test/BraTS20_Training_053/slice_089_rank01.npz
Client partition sanity check:
  client_0_HGG_full: 0 slices
  client_1_LGG_full_small: 0 slices
  client_2_HGG_T1ce_big: 0 slices
  client_3_HGG_FLAIR: 0 slices
  client_4_LGG_T2: 0 slices
  client_5_HGG_T1_T1ce: 0 slices
  client_6_mixed_T2_FLAIR: 0 slices
  client_7_mixed_3mods_noCE: 0 slices
  client_8_HGG_tiny_full: 0 slices
  client_9_mixed_per_sample: 0 slices
Starting federated U-Net training...

================================================================================
Flower BraTS 2D U-Net Federated Simulation (robust client naming)
================================================================================
Config: /home/bk489/federated/federated-thesis/federated_unet/unet/configs/unet_fedavg_10clients.yaml
Partitions: /home/bk489/federated/federated-thesis/data/partitions/federated_clients_10_mixed/client_data
Global data: /home/bk489/federated/federated-thesis/data/brats2020_top10_slices_split_npz
Strategy: FEDAVG 
Clients: 10 | Rounds: 50 | Fraction fit: 1.0
Local epochs: 1 | Batch: 4 | LR: 0.001
Device: cuda
Eval split per round: val
Output: /home/bk489/federated/federated-thesis/results/unet_flower
Run name: fedavg_10clients_mixed

Client mapping (cid -> folder):
  cid 0: client_0_HGG_full  (train_dir=/home/bk489/federated/federated-thesis/data/partitions/federated_clients_10_mixed/client_data/client_0_HGG_full/train)
  cid 1: client_1_LGG_full_small  (train_dir=/home/bk489/federated/federated-thesis/data/partitions/federated_clients_10_mixed/client_data/client_1_LGG_full_small/train)
  cid 2: client_2_HGG_T1ce_big  (train_dir=/home/bk489/federated/federated-thesis/data/partitions/federated_clients_10_mixed/client_data/client_2_HGG_T1ce_big/train)
  cid 3: client_3_HGG_FLAIR  (train_dir=/home/bk489/federated/federated-thesis/data/partitions/federated_clients_10_mixed/client_data/client_3_HGG_FLAIR/train)
  cid 4: client_4_LGG_T2  (train_dir=/home/bk489/federated/federated-thesis/data/partitions/federated_clients_10_mixed/client_data/client_4_LGG_T2/train)
  cid 5: client_5_HGG_T1_T1ce  (train_dir=/home/bk489/federated/federated-thesis/data/partitions/federated_clients_10_mixed/client_data/client_5_HGG_T1_T1ce/train)
  cid 6: client_6_mixed_T2_FLAIR  (train_dir=/home/bk489/federated/federated-thesis/data/partitions/federated_clients_10_mixed/client_data/client_6_mixed_T2_FLAIR/train)
  cid 7: client_7_mixed_3mods_noCE  (train_dir=/home/bk489/federated/federated-thesis/data/partitions/federated_clients_10_mixed/client_data/client_7_mixed_3mods_noCE/train)
  cid 8: client_8_HGG_tiny_full  (train_dir=/home/bk489/federated/federated-thesis/data/partitions/federated_clients_10_mixed/client_data/client_8_HGG_tiny_full/train)
  cid 9: client_9_mixed_per_sample  (train_dir=/home/bk489/federated/federated-thesis/data/partitions/federated_clients_10_mixed/client_data/client_9_mixed_per_sample/train)
================================================================================

Centralized val slices: 370
Starting simulation with 10 clients, gpu_fraction=0.100
[93mWARNING [0m:   DEPRECATED FEATURE: flwr.simulation.start_simulation() is deprecated.
	Instead, use the `flwr run` CLI command to start a local simulation in your Flower app, as shown for example below:

		$ flwr new  # Create a new Flower app from a template

		$ flwr run  # Run the Flower app in Simulation Mode

	Using `start_simulation()` is deprecated.

            This is a deprecated feature. It will be removed
            entirely in future versions of Flower.
        
[92mINFO [0m:      Starting Flower simulation, config: num_rounds=50, no round_timeout
2026-01-25 23:49:46,183	INFO worker.py:1771 -- Started a local Ray instance.
[92mINFO [0m:      Flower VCE: Ray initialized with resources: {'accelerator_type:A100': 1.0, 'node:__internal_head__': 1.0, 'node:10.43.74.10': 1.0, 'CPU': 128.0, 'memory': 861700967424.0, 'object_store_memory': 200000000000.0, 'GPU': 1.0}
[92mINFO [0m:      Optimize your simulation with Flower VCE: https://flower.ai/docs/framework/how-to-run-simulations.html
[92mINFO [0m:      Flower VCE: Resources for each Virtual Client: {'num_cpus': 1, 'num_gpus': 0.1}
[92mINFO [0m:      Flower VCE: Creating VirtualClientEngineActorPool with 10 actors
[92mINFO [0m:      [INIT]
[92mINFO [0m:      Requesting initial parameters from one random client
[36m(ClientAppActor pid=762080)[0m Traceback (most recent call last):
[36m(ClientAppActor pid=762080)[0m   File "/home/bk489/federated/federated-thesis/federated_unet/unet/unet_flower_train_10clients.py", line 739, in client_fn
[36m(ClientAppActor pid=762080)[0m     client = make_client(cid)
[36m(ClientAppActor pid=762080)[0m   File "/home/bk489/federated/federated-thesis/federated_unet/unet/unet_flower_train_10clients.py", line 703, in make_client
[36m(ClientAppActor pid=762080)[0m     return UNetClient(
[36m(ClientAppActor pid=762080)[0m   File "/home/bk489/federated/federated-thesis/federated_unet/unet/unet_flower_train_10clients.py", line 413, in __init__
[36m(ClientAppActor pid=762080)[0m     self.train_ds = BratsNPZDataset(train_dir, augment=True, keep_channels=keep_channels)
[36m(ClientAppActor pid=762080)[0m   File "/home/bk489/federated/federated-thesis/federated_unet/unet/unet_flower_train_10clients.py", line 126, in __init__
[36m(ClientAppActor pid=762080)[0m     raise RuntimeError(f"No .npz files found under: {split_dir}")
[36m(ClientAppActor pid=762080)[0m RuntimeError: No .npz files found under: /home/bk489/federated/federated-thesis/data/partitions/federated_clients_10_mixed/client_data/client_7_mixed_3mods_noCE/train
[36m(ClientAppActor pid=762080)[0m [ERROR] client_fn failed for Context(run_id=0, node_id=1985944672080881270, node_config={'partition-id': '7', 'num-partitions': '10'}, state=RecordDict(
[36m(ClientAppActor pid=762080)[0m   array_records={},
[36m(ClientAppActor pid=762080)[0m   metric_records={},
[36m(ClientAppActor pid=762080)[0m   config_records={}
[36m(ClientAppActor pid=762080)[0m ), run_config={}): No .npz files found under: /home/bk489/federated/federated-thesis/data/partitions/federated_clients_10_mixed/client_data/client_7_mixed_3mods_noCE/train
[91mERROR [0m:     Traceback (most recent call last):
  File "/home/bk489/.conda/envs/fed/lib/python3.9/site-packages/flwr/simulation/ray_transport/ray_client_proxy.py", line 95, in _submit_job
    out_mssg, updated_context = self.actor_pool.get_client_result(
  File "/home/bk489/.conda/envs/fed/lib/python3.9/site-packages/flwr/simulation/ray_transport/ray_actor.py", line 401, in get_client_result
    return self._fetch_future_result(cid)
  File "/home/bk489/.conda/envs/fed/lib/python3.9/site-packages/flwr/simulation/ray_transport/ray_actor.py", line 282, in _fetch_future_result
    res_cid, out_mssg, updated_context = ray.get(
  File "/home/bk489/.conda/envs/fed/lib/python3.9/site-packages/ray/_private/auto_init_hook.py", line 21, in auto_init_wrapper
    return fn(*args, **kwargs)
  File "/home/bk489/.conda/envs/fed/lib/python3.9/site-packages/ray/_private/client_mode_hook.py", line 103, in wrapper
    return func(*args, **kwargs)
  File "/home/bk489/.conda/envs/fed/lib/python3.9/site-packages/ray/_private/worker.py", line 2639, in get
    values, debugger_breakpoint = worker.get_objects(object_refs, timeout=timeout)
  File "/home/bk489/.conda/envs/fed/lib/python3.9/site-packages/ray/_private/worker.py", line 864, in get_objects
    raise value.as_instanceof_cause()
ray.exceptions.RayTaskError(ClientAppException): [36mray::ClientAppActor.run()[39m (pid=762080, ip=10.43.74.10, actor_id=5e14dfc48bf7e5463934ea9f01000000, repr=<flwr.simulation.ray_transport.ray_actor.ClientAppActor object at 0x14c94f510df0>)
  File "/home/bk489/.conda/envs/fed/lib/python3.9/site-packages/flwr/clientapp/client_app.py", line 144, in __call__
    return self._call(message, context)
  File "/home/bk489/.conda/envs/fed/lib/python3.9/site-packages/flwr/clientapp/client_app.py", line 128, in ffn
    out_message = handle_legacy_message_from_msgtype(
  File "/home/bk489/.conda/envs/fed/lib/python3.9/site-packages/flwr/client/message_handler/message_handler.py", line 96, in handle_legacy_message_from_msgtype
    client = client_fn(context)
  File "/home/bk489/federated/federated-thesis/federated_unet/unet/unet_flower_train_10clients.py", line 739, in client_fn
    client = make_client(cid)
  File "/home/bk489/federated/federated-thesis/federated_unet/unet/unet_flower_train_10clients.py", line 703, in make_client
    return UNetClient(
  File "/home/bk489/federated/federated-thesis/federated_unet/unet/unet_flower_train_10clients.py", line 413, in __init__
    self.train_ds = BratsNPZDataset(train_dir, augment=True, keep_channels=keep_channels)
  File "/home/bk489/federated/federated-thesis/federated_unet/unet/unet_flower_train_10clients.py", line 126, in __init__
    raise RuntimeError(f"No .npz files found under: {split_dir}")
RuntimeError: No .npz files found under: /home/bk489/federated/federated-thesis/data/partitions/federated_clients_10_mixed/client_data/client_7_mixed_3mods_noCE/train

The above exception was the direct cause of the following exception:

[36mray::ClientAppActor.run()[39m (pid=762080, ip=10.43.74.10, actor_id=5e14dfc48bf7e5463934ea9f01000000, repr=<flwr.simulation.ray_transport.ray_actor.ClientAppActor object at 0x14c94f510df0>)
  File "/home/bk489/.conda/envs/fed/lib/python3.9/site-packages/flwr/simulation/ray_transport/ray_actor.py", line 64, in run
    raise ClientAppException(str(ex)) from ex
flwr.clientapp.client_app.ClientAppException: 
Exception ClientAppException occurred. Message: No .npz files found under: /home/bk489/federated/federated-thesis/data/partitions/federated_clients_10_mixed/client_data/client_7_mixed_3mods_noCE/train

[91mERROR [0m:     [36mray::ClientAppActor.run()[39m (pid=762080, ip=10.43.74.10, actor_id=5e14dfc48bf7e5463934ea9f01000000, repr=<flwr.simulation.ray_transport.ray_actor.ClientAppActor object at 0x14c94f510df0>)
  File "/home/bk489/.conda/envs/fed/lib/python3.9/site-packages/flwr/clientapp/client_app.py", line 144, in __call__
    return self._call(message, context)
  File "/home/bk489/.conda/envs/fed/lib/python3.9/site-packages/flwr/clientapp/client_app.py", line 128, in ffn
    out_message = handle_legacy_message_from_msgtype(
  File "/home/bk489/.conda/envs/fed/lib/python3.9/site-packages/flwr/client/message_handler/message_handler.py", line 96, in handle_legacy_message_from_msgtype
    client = client_fn(context)
  File "/home/bk489/federated/federated-thesis/federated_unet/unet/unet_flower_train_10clients.py", line 739, in client_fn
    client = make_client(cid)
  File "/home/bk489/federated/federated-thesis/federated_unet/unet/unet_flower_train_10clients.py", line 703, in make_client
    return UNetClient(
  File "/home/bk489/federated/federated-thesis/federated_unet/unet/unet_flower_train_10clients.py", line 413, in __init__
    self.train_ds = BratsNPZDataset(train_dir, augment=True, keep_channels=keep_channels)
  File "/home/bk489/federated/federated-thesis/federated_unet/unet/unet_flower_train_10clients.py", line 126, in __init__
    raise RuntimeError(f"No .npz files found under: {split_dir}")
RuntimeError: No .npz files found under: /home/bk489/federated/federated-thesis/data/partitions/federated_clients_10_mixed/client_data/client_7_mixed_3mods_noCE/train

The above exception was the direct cause of the following exception:

[36mray::ClientAppActor.run()[39m (pid=762080, ip=10.43.74.10, actor_id=5e14dfc48bf7e5463934ea9f01000000, repr=<flwr.simulation.ray_transport.ray_actor.ClientAppActor object at 0x14c94f510df0>)
  File "/home/bk489/.conda/envs/fed/lib/python3.9/site-packages/flwr/simulation/ray_transport/ray_actor.py", line 64, in run
    raise ClientAppException(str(ex)) from ex
flwr.clientapp.client_app.ClientAppException: 
Exception ClientAppException occurred. Message: No .npz files found under: /home/bk489/federated/federated-thesis/data/partitions/federated_clients_10_mixed/client_data/client_7_mixed_3mods_noCE/train
[91mERROR [0m:     [36mray::ClientAppActor.run()[39m (pid=762080, ip=10.43.74.10, actor_id=5e14dfc48bf7e5463934ea9f01000000, repr=<flwr.simulation.ray_transport.ray_actor.ClientAppActor object at 0x14c94f510df0>)
  File "/home/bk489/.conda/envs/fed/lib/python3.9/site-packages/flwr/clientapp/client_app.py", line 144, in __call__
    return self._call(message, context)
  File "/home/bk489/.conda/envs/fed/lib/python3.9/site-packages/flwr/clientapp/client_app.py", line 128, in ffn
    out_message = handle_legacy_message_from_msgtype(
  File "/home/bk489/.conda/envs/fed/lib/python3.9/site-packages/flwr/client/message_handler/message_handler.py", line 96, in handle_legacy_message_from_msgtype
    client = client_fn(context)
  File "/home/bk489/federated/federated-thesis/federated_unet/unet/unet_flower_train_10clients.py", line 739, in client_fn
    client = make_client(cid)
  File "/home/bk489/federated/federated-thesis/federated_unet/unet/unet_flower_train_10clients.py", line 703, in make_client
    return UNetClient(
  File "/home/bk489/federated/federated-thesis/federated_unet/unet/unet_flower_train_10clients.py", line 413, in __init__
    self.train_ds = BratsNPZDataset(train_dir, augment=True, keep_channels=keep_channels)
  File "/home/bk489/federated/federated-thesis/federated_unet/unet/unet_flower_train_10clients.py", line 126, in __init__
    raise RuntimeError(f"No .npz files found under: {split_dir}")
RuntimeError: No .npz files found under: /home/bk489/federated/federated-thesis/data/partitions/federated_clients_10_mixed/client_data/client_7_mixed_3mods_noCE/train

The above exception was the direct cause of the following exception:

[36mray::ClientAppActor.run()[39m (pid=762080, ip=10.43.74.10, actor_id=5e14dfc48bf7e5463934ea9f01000000, repr=<flwr.simulation.ray_transport.ray_actor.ClientAppActor object at 0x14c94f510df0>)
  File "/home/bk489/.conda/envs/fed/lib/python3.9/site-packages/flwr/simulation/ray_transport/ray_actor.py", line 64, in run
    raise ClientAppException(str(ex)) from ex
flwr.clientapp.client_app.ClientAppException: 
Exception ClientAppException occurred. Message: No .npz files found under: /home/bk489/federated/federated-thesis/data/partitions/federated_clients_10_mixed/client_data/client_7_mixed_3mods_noCE/train
[91mERROR [0m:     Traceback (most recent call last):
  File "/home/bk489/.conda/envs/fed/lib/python3.9/site-packages/flwr/simulation/legacy_app.py", line 361, in start_simulation
    hist = run_fl(
  File "/home/bk489/.conda/envs/fed/lib/python3.9/site-packages/flwr/server/server.py", line 492, in run_fl
    hist, elapsed_time = server.fit(
  File "/home/bk489/.conda/envs/fed/lib/python3.9/site-packages/flwr/server/server.py", line 93, in fit
    self.parameters = self._get_initial_parameters(server_round=0, timeout=timeout)
  File "/home/bk489/.conda/envs/fed/lib/python3.9/site-packages/flwr/server/server.py", line 284, in _get_initial_parameters
    get_parameters_res = random_client.get_parameters(
  File "/home/bk489/.conda/envs/fed/lib/python3.9/site-packages/flwr/simulation/ray_transport/ray_client_proxy.py", line 170, in get_parameters
    message_out = self._submit_job(message, timeout)
  File "/home/bk489/.conda/envs/fed/lib/python3.9/site-packages/flwr/simulation/ray_transport/ray_client_proxy.py", line 109, in _submit_job
    raise ex
  File "/home/bk489/.conda/envs/fed/lib/python3.9/site-packages/flwr/simulation/ray_transport/ray_client_proxy.py", line 95, in _submit_job
    out_mssg, updated_context = self.actor_pool.get_client_result(
  File "/home/bk489/.conda/envs/fed/lib/python3.9/site-packages/flwr/simulation/ray_transport/ray_actor.py", line 401, in get_client_result
    return self._fetch_future_result(cid)
  File "/home/bk489/.conda/envs/fed/lib/python3.9/site-packages/flwr/simulation/ray_transport/ray_actor.py", line 282, in _fetch_future_result
    res_cid, out_mssg, updated_context = ray.get(
  File "/home/bk489/.conda/envs/fed/lib/python3.9/site-packages/ray/_private/auto_init_hook.py", line 21, in auto_init_wrapper
    return fn(*args, **kwargs)
  File "/home/bk489/.conda/envs/fed/lib/python3.9/site-packages/ray/_private/client_mode_hook.py", line 103, in wrapper
    return func(*args, **kwargs)
  File "/home/bk489/.conda/envs/fed/lib/python3.9/site-packages/ray/_private/worker.py", line 2639, in get
    values, debugger_breakpoint = worker.get_objects(object_refs, timeout=timeout)
  File "/home/bk489/.conda/envs/fed/lib/python3.9/site-packages/ray/_private/worker.py", line 864, in get_objects
    raise value.as_instanceof_cause()
ray.exceptions.RayTaskError(ClientAppException): [36mray::ClientAppActor.run()[39m (pid=762080, ip=10.43.74.10, actor_id=5e14dfc48bf7e5463934ea9f01000000, repr=<flwr.simulation.ray_transport.ray_actor.ClientAppActor object at 0x14c94f510df0>)
  File "/home/bk489/.conda/envs/fed/lib/python3.9/site-packages/flwr/clientapp/client_app.py", line 144, in __call__
    return self._call(message, context)
  File "/home/bk489/.conda/envs/fed/lib/python3.9/site-packages/flwr/clientapp/client_app.py", line 128, in ffn
    out_message = handle_legacy_message_from_msgtype(
  File "/home/bk489/.conda/envs/fed/lib/python3.9/site-packages/flwr/client/message_handler/message_handler.py", line 96, in handle_legacy_message_from_msgtype
    client = client_fn(context)
  File "/home/bk489/federated/federated-thesis/federated_unet/unet/unet_flower_train_10clients.py", line 739, in client_fn
    client = make_client(cid)
  File "/home/bk489/federated/federated-thesis/federated_unet/unet/unet_flower_train_10clients.py", line 703, in make_client
    return UNetClient(
  File "/home/bk489/federated/federated-thesis/federated_unet/unet/unet_flower_train_10clients.py", line 413, in __init__
    self.train_ds = BratsNPZDataset(train_dir, augment=True, keep_channels=keep_channels)
  File "/home/bk489/federated/federated-thesis/federated_unet/unet/unet_flower_train_10clients.py", line 126, in __init__
    raise RuntimeError(f"No .npz files found under: {split_dir}")
RuntimeError: No .npz files found under: /home/bk489/federated/federated-thesis/data/partitions/federated_clients_10_mixed/client_data/client_7_mixed_3mods_noCE/train

The above exception was the direct cause of the following exception:

[36mray::ClientAppActor.run()[39m (pid=762080, ip=10.43.74.10, actor_id=5e14dfc48bf7e5463934ea9f01000000, repr=<flwr.simulation.ray_transport.ray_actor.ClientAppActor object at 0x14c94f510df0>)
  File "/home/bk489/.conda/envs/fed/lib/python3.9/site-packages/flwr/simulation/ray_transport/ray_actor.py", line 64, in run
    raise ClientAppException(str(ex)) from ex
flwr.clientapp.client_app.ClientAppException: 
Exception ClientAppException occurred. Message: No .npz files found under: /home/bk489/federated/federated-thesis/data/partitions/federated_clients_10_mixed/client_data/client_7_mixed_3mods_noCE/train

[91mERROR [0m:     Your simulation crashed :(. This could be because of several reasons. The most common are: 
	 > Sometimes, issues in the simulation code itself can cause crashes. It's always a good idea to double-check your code for any potential bugs or inconsistencies that might be contributing to the problem. For example: 
		 - You might be using a class attribute in your clients that hasn't been defined.
		 - There could be an incorrect method call to a 3rd party library (e.g., PyTorch).
		 - The return types of methods in your clients/strategies might be incorrect.
	 > Your system couldn't fit a single VirtualClient: try lowering `client_resources`.
	 > All the actors in your pool crashed. This could be because: 
		 - You clients hit an out-of-memory (OOM) error and actors couldn't recover from it. Try launching your simulation with more generous `client_resources` setting (i.e. it seems {'num_cpus': 1, 'num_gpus': 0.1} is not enough for your run). Use fewer concurrent actors. 
		 - You were running a multi-node simulation and all worker nodes disconnected. The head node might still be alive but cannot accommodate any actor with resources: {'num_cpus': 1, 'num_gpus': 0.1}.
Take a look at the Flower simulation examples for guidance <https://flower.ai/docs/framework/how-to-run-simulations.html>.
Traceback (most recent call last):
  File "/home/bk489/.conda/envs/fed/lib/python3.9/site-packages/flwr/simulation/legacy_app.py", line 361, in start_simulation
    hist = run_fl(
  File "/home/bk489/.conda/envs/fed/lib/python3.9/site-packages/flwr/server/server.py", line 492, in run_fl
    hist, elapsed_time = server.fit(
  File "/home/bk489/.conda/envs/fed/lib/python3.9/site-packages/flwr/server/server.py", line 93, in fit
    self.parameters = self._get_initial_parameters(server_round=0, timeout=timeout)
  File "/home/bk489/.conda/envs/fed/lib/python3.9/site-packages/flwr/server/server.py", line 284, in _get_initial_parameters
    get_parameters_res = random_client.get_parameters(
  File "/home/bk489/.conda/envs/fed/lib/python3.9/site-packages/flwr/simulation/ray_transport/ray_client_proxy.py", line 170, in get_parameters
    message_out = self._submit_job(message, timeout)
  File "/home/bk489/.conda/envs/fed/lib/python3.9/site-packages/flwr/simulation/ray_transport/ray_client_proxy.py", line 109, in _submit_job
    raise ex
  File "/home/bk489/.conda/envs/fed/lib/python3.9/site-packages/flwr/simulation/ray_transport/ray_client_proxy.py", line 95, in _submit_job
    out_mssg, updated_context = self.actor_pool.get_client_result(
  File "/home/bk489/.conda/envs/fed/lib/python3.9/site-packages/flwr/simulation/ray_transport/ray_actor.py", line 401, in get_client_result
    return self._fetch_future_result(cid)
  File "/home/bk489/.conda/envs/fed/lib/python3.9/site-packages/flwr/simulation/ray_transport/ray_actor.py", line 282, in _fetch_future_result
    res_cid, out_mssg, updated_context = ray.get(
  File "/home/bk489/.conda/envs/fed/lib/python3.9/site-packages/ray/_private/auto_init_hook.py", line 21, in auto_init_wrapper
    return fn(*args, **kwargs)
  File "/home/bk489/.conda/envs/fed/lib/python3.9/site-packages/ray/_private/client_mode_hook.py", line 103, in wrapper
    return func(*args, **kwargs)
  File "/home/bk489/.conda/envs/fed/lib/python3.9/site-packages/ray/_private/worker.py", line 2639, in get
    values, debugger_breakpoint = worker.get_objects(object_refs, timeout=timeout)
  File "/home/bk489/.conda/envs/fed/lib/python3.9/site-packages/ray/_private/worker.py", line 864, in get_objects
    raise value.as_instanceof_cause()
ray.exceptions.RayTaskError(ClientAppException): [36mray::ClientAppActor.run()[39m (pid=762080, ip=10.43.74.10, actor_id=5e14dfc48bf7e5463934ea9f01000000, repr=<flwr.simulation.ray_transport.ray_actor.ClientAppActor object at 0x14c94f510df0>)
  File "/home/bk489/.conda/envs/fed/lib/python3.9/site-packages/flwr/clientapp/client_app.py", line 144, in __call__
    return self._call(message, context)
  File "/home/bk489/.conda/envs/fed/lib/python3.9/site-packages/flwr/clientapp/client_app.py", line 128, in ffn
    out_message = handle_legacy_message_from_msgtype(
  File "/home/bk489/.conda/envs/fed/lib/python3.9/site-packages/flwr/client/message_handler/message_handler.py", line 96, in handle_legacy_message_from_msgtype
    client = client_fn(context)
  File "/home/bk489/federated/federated-thesis/federated_unet/unet/unet_flower_train_10clients.py", line 739, in client_fn
    client = make_client(cid)
  File "/home/bk489/federated/federated-thesis/federated_unet/unet/unet_flower_train_10clients.py", line 703, in make_client
    return UNetClient(
  File "/home/bk489/federated/federated-thesis/federated_unet/unet/unet_flower_train_10clients.py", line 413, in __init__
    self.train_ds = BratsNPZDataset(train_dir, augment=True, keep_channels=keep_channels)
  File "/home/bk489/federated/federated-thesis/federated_unet/unet/unet_flower_train_10clients.py", line 126, in __init__
    raise RuntimeError(f"No .npz files found under: {split_dir}")
RuntimeError: No .npz files found under: /home/bk489/federated/federated-thesis/data/partitions/federated_clients_10_mixed/client_data/client_7_mixed_3mods_noCE/train

The above exception was the direct cause of the following exception:

[36mray::ClientAppActor.run()[39m (pid=762080, ip=10.43.74.10, actor_id=5e14dfc48bf7e5463934ea9f01000000, repr=<flwr.simulation.ray_transport.ray_actor.ClientAppActor object at 0x14c94f510df0>)
  File "/home/bk489/.conda/envs/fed/lib/python3.9/site-packages/flwr/simulation/ray_transport/ray_actor.py", line 64, in run
    raise ClientAppException(str(ex)) from ex
flwr.clientapp.client_app.ClientAppException: 
Exception ClientAppException occurred. Message: No .npz files found under: /home/bk489/federated/federated-thesis/data/partitions/federated_clients_10_mixed/client_data/client_7_mixed_3mods_noCE/train

The above exception was the direct cause of the following exception:

Traceback (most recent call last):
  File "/home/bk489/federated/federated-thesis/federated_unet/unet/unet_flower_train_10clients.py", line 852, in <module>
    main()
  File "/home/bk489/federated/federated-thesis/federated_unet/unet/unet_flower_train_10clients.py", line 775, in main
    history = fl.simulation.start_simulation(
  File "/home/bk489/.conda/envs/fed/lib/python3.9/site-packages/flwr/simulation/legacy_app.py", line 397, in start_simulation
    raise RuntimeError("Simulation crashed.") from ex
RuntimeError: Simulation crashed.
